12:57:46 **** Incremental Build of configuration Debug for project l2 ****
make -j4 all 
arm-none-eabi-gcc "../Core/Src/main.c" -mcpu=cortex-m4 -std=gnu11 -g3 -DDEBUG -DUSE_HAL_DRIVER -DSTM32G474xx -c -I../Core/Inc -I../Drivers/STM32G4xx_HAL_Driver/Inc -I../Drivers/STM32G4xx_HAL_Driver/Inc/Legacy -I../Drivers/CMSIS/Device/ST/STM32G4xx/Include -I../Drivers/CMSIS/Include -O0 -ffunction-sections -fdata-sections -Wall -fstack-usage -fcyclomatic-complexity -MMD -MP -MF"Core/Src/main.d" -MT"Core/Src/main.o" --specs=nano.specs -mfpu=fpv4-sp-d16 -mfloat-abi=hard -mthumb -o "Core/Src/main.o"
arm-none-eabi-gcc -o "l2.elf" @"objects.list"   -mcpu=cortex-m4 -T"C:\Users\students\Documents\69A_IA\EMZ_LAB_2024\Lab_1\lab2\l2\STM32G474RETX_FLASH.ld" --specs=nosys.specs -Wl,-Map="l2.map" -Wl,--gc-sections -static --specs=nano.specs -mfpu=fpv4-sp-d16 -mfloat-abi=hard -mthumb -Wl,--start-group -lc -lm -Wl,--end-group
Finished building target: l2.elf
 
arm-none-eabi-size  l2.elf 
arm-none-eabi-objdump -h -S l2.elf  > "l2.list"
   text	   data	    bss	    dec	    hex	filename
   5804	     12	   1572	   7388	   1cdc	l2.elf
Finished building: default.size.stdout
 
Finished building: l2.list
 

12:57:47 Build Finished. 0 errors, 0 warnings. (took 707ms)

